// Jest Snapshot v1, https://goo.gl/fbAQLP

exports[`DataList should render component 1`] = `
<datalist
  id="Data-list-name"
>
  <option
    key="option10"
    value="option1"
  />
  <option
    key="option21"
    value="option2"
  />
  <option
    key="option32"
    value="option3"
  />
</datalist>
`;
